[2026-10-06 20:36:56,808] Mac/INFO/locust.main: Starting Locust 2.46.7
[2026-10-06 20:36:57,096] Mac/INFO/locust.main: Run time limit set to 60 seconds
Type     Name                                                                          # reqs      # fails |    Avg     Min     Max    Med |   req/s  failures/s
--------|----------------------------------------------------------------------------|-------|-------------|-------|-------|-------|-------|--------|-----------
--------|----------------------------------------------------------------------------|-------|-------------|-------|-------|-------|-------|--------|-----------
         Aggregated                                                                         0     0(0.00%) |      0       0       0      0 |    0.00        0.00

[2026-10-06 20:36:57,097] Mac/INFO/locust.runners: Ramping to 10 users at a rate of 5.00 per second
[2026-10-06 20:36:58,100] Mac/INFO/locust.runners: All users spawned: {"LlamaServerUser": 10} (10 total users)
Type     Name                                                                          # reqs      # fails |    Avg     Min     Max    Med |   req/s  failures/s
--------|----------------------------------------------------------------------------|-------|-------------|-------|-------|-------|-------|--------|-----------
POST     short                                                                              4     0(0.00%) |   1924    1711    1998   1998 |    0.00        0.00
--------|----------------------------------------------------------------------------|-------|-------------|-------|-------|-------|-------|--------|-----------
         Aggregated                                                                         4     0(0.00%) |   1924    1711    1998   1998 |    0.00        0.00

Type     Name                                                                          # reqs      # fails |    Avg     Min     Max    Med |   req/s  failures/s
--------|----------------------------------------------------------------------------|-------|-------------|-------|-------|-------|-------|--------|-----------
POST     short                                                                              5     0(0.00%) |   2275    1711    3681   2000 |    0.00        0.00
--------|----------------------------------------------------------------------------|-------|-------------|-------|-------|-------|-------|--------|-----------
         Aggregated                                                                         5     0(0.00%) |   2275    1711    3681   2000 |    0.00        0.00

Type     Name                                                                          # reqs      # fails |    Avg     Min     Max    Med |   req/s  failures/s
--------|----------------------------------------------------------------------------|-------|-------------|-------|-------|-------|-------|--------|-----------
POST     short                                                                              7     0(0.00%) |   2529    1711    3681   2000 |    0.50        0.00
--------|----------------------------------------------------------------------------|-------|-------------|-------|-------|-------|-------|--------|-----------
         Aggregated                                                                         7     0(0.00%) |   2529    1711    3681   2000 |    0.50        0.00

Type     Name                                                                          # reqs      # fails |    Avg     Min     Max    Med |   req/s  failures/s
--------|----------------------------------------------------------------------------|-------|-------------|-------|-------|-------|-------|--------|-----------
POST     long-rag                                                                           4     0(0.00%) |   5569    5165    6479   5400 |    0.00        0.00
POST     short                                                                              8     0(0.00%) |   2847    1711    5078   3200 |    1.40        0.00
--------|----------------------------------------------------------------------------|-------|-------------|-------|-------|-------|-------|--------|-----------
         Aggregated                                                                        12     0(0.00%) |   3755    1711    6479   3700 |    1.40        0.00

Type     Name                                                                          # reqs      # fails |    Avg     Min     Max    Med |   req/s  failures/s
--------|----------------------------------------------------------------------------|-------|-------------|-------|-------|-------|-------|--------|-----------
POST     long-rag                                                                           4     0(0.00%) |   5569    5165    6479   5400 |    0.14        0.00
POST     short                                                                             11     0(0.00%) |   3434    1711    6072   3200 |    1.00        0.00
--------|----------------------------------------------------------------------------|-------|-------------|-------|-------|-------|-------|--------|-----------
         Aggregated                                                                        15     0(0.00%) |   4004    1711    6479   4400 |    1.14        0.00

Type     Name                                                                          # reqs      # fails |    Avg     Min     Max    Med |   req/s  failures/s
--------|----------------------------------------------------------------------------|-------|-------------|-------|-------|-------|-------|--------|-----------
POST     long-rag                                                                           5     0(0.00%) |   5606    5165    6479   5400 |    0.44        0.00
POST     short                                                                             14     0(0.00%) |   3348    1711    6072   3200 |    0.89        0.00
--------|----------------------------------------------------------------------------|-------|-------------|-------|-------|-------|-------|--------|-----------
         Aggregated                                                                        19     0(0.00%) |   3942    1711    6479   3700 |    1.33        0.00

Type     Name                                                                          # reqs      # fails |    Avg     Min     Max    Med |   req/s  failures/s
--------|----------------------------------------------------------------------------|-------|-------------|-------|-------|-------|-------|--------|-----------
POST     long-rag                                                                           5     0(0.00%) |   5606    5165    6479   5400 |    0.50        0.00
POST     short                                                                             19     0(0.00%) |   3386    1711    6072   3200 |    1.30        0.00
--------|----------------------------------------------------------------------------|-------|-------------|-------|-------|-------|-------|--------|-----------
         Aggregated                                                                        24     0(0.00%) |   3849    1711    6479   3700 |    1.80        0.00

Type     Name                                                                          # reqs      # fails |    Avg     Min     Max    Med |   req/s  failures/s
--------|----------------------------------------------------------------------------|-------|-------------|-------|-------|-------|-------|--------|-----------
POST     long-rag                                                                           5     0(0.00%) |   5606    5165    6479   5400 |    0.50        0.00
POST     short                                                                             25     0(0.00%) |   3260    1711    6072   2900 |    1.30        0.00
--------|----------------------------------------------------------------------------|-------|-------------|-------|-------|-------|-------|--------|-----------
         Aggregated                                                                        30     0(0.00%) |   3651    1711    6479   3600 |    1.80        0.00

Type     Name                                                                          # reqs      # fails |    Avg     Min     Max    Med |   req/s  failures/s
--------|----------------------------------------------------------------------------|-------|-------------|-------|-------|-------|-------|--------|-----------
POST     long-rag                                                                           6     0(0.00%) |   5500    4972    6479   5400 |    0.50        0.00
POST     short                                                                             27     0(0.00%) |   3262    1711    6072   2900 |    1.50        0.00
--------|----------------------------------------------------------------------------|-------|-------------|-------|-------|-------|-------|--------|-----------
         Aggregated                                                                        33     0(0.00%) |   3669    1711    6479   3600 |    2.00        0.00

Type     Name                                                                          # reqs      # fails |    Avg     Min     Max    Med |   req/s  failures/s
--------|----------------------------------------------------------------------------|-------|-------------|-------|-------|-------|-------|--------|-----------
POST     long-rag                                                                           7     0(0.00%) |   5426    4972    6479   5200 |    0.40        0.00
POST     short                                                                             30     0(0.00%) |   3273    1711    6072   3200 |    1.80        0.00
--------|----------------------------------------------------------------------------|-------|-------------|-------|-------|-------|-------|--------|-----------
         Aggregated                                                                        37     0(0.00%) |   3681    1711    6479   3600 |    2.20        0.00

Type     Name                                                                          # reqs      # fails |    Avg     Min     Max    Med |   req/s  failures/s
--------|----------------------------------------------------------------------------|-------|-------------|-------|-------|-------|-------|--------|-----------
POST     long-rag                                                                           7     0(0.00%) |   5426    4972    6479   5200 |    0.20        0.00
POST     short                                                                             32     0(0.00%) |   3209    1711    6072   2900 |    1.90        0.00
--------|----------------------------------------------------------------------------|-------|-------------|-------|-------|-------|-------|--------|-----------
         Aggregated                                                                        39     0(0.00%) |   3607    1711    6479   3600 |    2.10        0.00

Type     Name                                                                          # reqs      # fails |    Avg     Min     Max    Med |   req/s  failures/s
--------|----------------------------------------------------------------------------|-------|-------------|-------|-------|-------|-------|--------|-----------
POST     long-rag                                                                           9     0(0.00%) |   5519    4972    6479   5400 |    0.20        0.00
POST     short                                                                             34     0(0.00%) |   3211    1711    6072   3100 |    1.70        0.00
--------|----------------------------------------------------------------------------|-------|-------------|-------|-------|-------|-------|--------|-----------
         Aggregated                                                                        43     0(0.00%) |   3694    1711    6479   3600 |    1.90        0.00

Type     Name                                                                          # reqs      # fails |    Avg     Min     Max    Med |   req/s  failures/s
--------|----------------------------------------------------------------------------|-------|-------------|-------|-------|-------|-------|--------|-----------
POST     long-rag                                                                           9     0(0.00%) |   5519    4972    6479   5400 |    0.40        0.00
POST     short                                                                             40     0(0.00%) |   3262    1711    6072   3200 |    1.60        0.00
--------|----------------------------------------------------------------------------|-------|-------------|-------|-------|-------|-------|--------|-----------
         Aggregated                                                                        49     0(0.00%) |   3676    1711    6479   3600 |    2.00        0.00

Type     Name                                                                          # reqs      # fails |    Avg     Min     Max    Med |   req/s  failures/s
--------|----------------------------------------------------------------------------|-------|-------------|-------|-------|-------|-------|--------|-----------
POST     long-rag                                                                           9     0(0.00%) |   5519    4972    6479   5400 |    0.40        0.00
POST     short                                                                             46     0(0.00%) |   3236    1711    6072   3100 |    1.60        0.00
--------|----------------------------------------------------------------------------|-------|-------------|-------|-------|-------|-------|--------|-----------
         Aggregated                                                                        55     0(0.00%) |   3609    1711    6479   3400 |    2.00        0.00

Type     Name                                                                          # reqs      # fails |    Avg     Min     Max    Med |   req/s  failures/s
--------|----------------------------------------------------------------------------|-------|-------------|-------|-------|-------|-------|--------|-----------
POST     long-rag                                                                           9     0(0.00%) |   5519    4972    6479   5400 |    0.40        0.00
POST     short                                                                             49     0(0.00%) |   3203    1711    6072   3000 |    1.70        0.00
--------|----------------------------------------------------------------------------|-------|-------------|-------|-------|-------|-------|--------|-----------
         Aggregated                                                                        58     0(0.00%) |   3562    1711    6479   3200 |    2.10        0.00

Type     Name                                                                          # reqs      # fails |    Avg     Min     Max    Med |   req/s  failures/s
--------|----------------------------------------------------------------------------|-------|-------------|-------|-------|-------|-------|--------|-----------
POST     long-rag                                                                          10     0(0.00%) |   5520    4972    6479   5500 |    0.30        0.00
POST     short                                                                             50     0(0.00%) |   3207    1711    6072   3100 |    1.90        0.00
--------|----------------------------------------------------------------------------|-------|-------------|-------|-------|-------|-------|--------|-----------
         Aggregated                                                                        60     0(0.00%) |   3592    1711    6479   3400 |    2.20        0.00

Type     Name                                                                          # reqs      # fails |    Avg     Min     Max    Med |   req/s  failures/s
--------|----------------------------------------------------------------------------|-------|-------------|-------|-------|-------|-------|--------|-----------
POST     long-rag                                                                          12     0(0.00%) |   5390    4699    6479   5400 |    0.30        0.00
POST     short                                                                             52     0(0.00%) |   3235    1711    6072   3100 |    1.90        0.00
--------|----------------------------------------------------------------------------|-------|-------------|-------|-------|-------|-------|--------|-----------
         Aggregated                                                                        64     0(0.00%) |   3639    1711    6479   3600 |    2.20        0.00

Type     Name                                                                          # reqs      # fails |    Avg     Min     Max    Med |   req/s  failures/s
--------|----------------------------------------------------------------------------|-------|-------------|-------|-------|-------|-------|--------|-----------
POST     long-rag                                                                          13     0(0.00%) |   5474    4699    6490   5400 |    0.30        0.00
POST     short                                                                             55     0(0.00%) |   3269    1711    6072   3100 |    1.80        0.00
--------|----------------------------------------------------------------------------|-------|-------------|-------|-------|-------|-------|--------|-----------
         Aggregated                                                                        68     0(0.00%) |   3691    1711    6490   3600 |    2.10        0.00

Type     Name                                                                          # reqs      # fails |    Avg     Min     Max    Med |   req/s  failures/s
--------|----------------------------------------------------------------------------|-------|-------------|-------|-------|-------|-------|--------|-----------
POST     long-rag                                                                          14     0(0.00%) |   5496    4699    6490   5500 |    0.30        0.00
POST     short                                                                             59     0(0.00%) |   3277    1711    6072   3200 |    1.60        0.00
--------|----------------------------------------------------------------------------|-------|-------------|-------|-------|-------|-------|--------|-----------
         Aggregated                                                                        73     0(0.00%) |   3703    1711    6490   3600 |    1.90        0.00

Type     Name                                                                          # reqs      # fails |    Avg     Min     Max    Med |   req/s  failures/s
--------|----------------------------------------------------------------------------|-------|-------------|-------|-------|-------|-------|--------|-----------
POST     long-rag                                                                          14     0(0.00%) |   5496    4699    6490   5500 |    0.40        0.00
POST     short                                                                             62     0(0.00%) |   3311    1711    6072   3300 |    1.50        0.00
--------|----------------------------------------------------------------------------|-------|-------------|-------|-------|-------|-------|--------|-----------
         Aggregated                                                                        76     0(0.00%) |   3714    1711    6490   3600 |    1.90        0.00

Type     Name                                                                          # reqs      # fails |    Avg     Min     Max    Med |   req/s  failures/s
--------|----------------------------------------------------------------------------|-------|-------------|-------|-------|-------|-------|--------|-----------
POST     long-rag                                                                          15     0(0.00%) |   5475    4699    6490   5400 |    0.50        0.00
POST     short                                                                             66     0(0.00%) |   3316    1711    6072   3300 |    1.40        0.00
--------|----------------------------------------------------------------------------|-------|-------------|-------|-------|-------|-------|--------|-----------
         Aggregated                                                                        81     0(0.00%) |   3715    1711    6490   3600 |    1.90        0.00

Type     Name                                                                          # reqs      # fails |    Avg     Min     Max    Med |   req/s  failures/s
--------|----------------------------------------------------------------------------|-------|-------------|-------|-------|-------|-------|--------|-----------
POST     long-rag                                                                          15     0(0.00%) |   5475    4699    6490   5400 |    0.40        0.00
POST     short                                                                             69     0(0.00%) |   3313    1711    6072   3300 |    1.40        0.00
--------|----------------------------------------------------------------------------|-------|-------------|-------|-------|-------|-------|--------|-----------
         Aggregated                                                                        84     0(0.00%) |   3699    1711    6490   3600 |    1.80        0.00

Type     Name                                                                          # reqs      # fails |    Avg     Min     Max    Med |   req/s  failures/s
--------|----------------------------------------------------------------------------|-------|-------------|-------|-------|-------|-------|--------|-----------
POST     long-rag                                                                          16     0(0.00%) |   5499    4699    6490   5500 |    0.40        0.00
POST     short                                                                             72     0(0.00%) |   3318    1711    6072   3300 |    1.50        0.00
--------|----------------------------------------------------------------------------|-------|-------------|-------|-------|-------|-------|--------|-----------
         Aggregated                                                                        88     0(0.00%) |   3714    1711    6490   3600 |    1.90        0.00

Type     Name                                                                          # reqs      # fails |    Avg     Min     Max    Med |   req/s  failures/s
--------|----------------------------------------------------------------------------|-------|-------------|-------|-------|-------|-------|--------|-----------
POST     long-rag                                                                          16     0(0.00%) |   5499    4699    6490   5500 |    0.40        0.00
POST     short                                                                             75     0(0.00%) |   3329    1711    6072   3300 |    1.50        0.00
--------|----------------------------------------------------------------------------|-------|-------------|-------|-------|-------|-------|--------|-----------
         Aggregated                                                                        91     0(0.00%) |   3711    1711    6490   3600 |    1.90        0.00

Type     Name                                                                          # reqs      # fails |    Avg     Min     Max    Med |   req/s  failures/s
--------|----------------------------------------------------------------------------|-------|-------------|-------|-------|-------|-------|--------|-----------
POST     long-rag                                                                          17     0(0.00%) |   5462    4699    6490   5400 |    0.30        0.00
POST     short                                                                             78     0(0.00%) |   3329    1711    6072   3300 |    1.70        0.00
--------|----------------------------------------------------------------------------|-------|-------------|-------|-------|-------|-------|--------|-----------
         Aggregated                                                                        95     0(0.00%) |   3711    1711    6490   3600 |    2.00        0.00

Type     Name                                                                          # reqs      # fails |    Avg     Min     Max    Med |   req/s  failures/s
--------|----------------------------------------------------------------------------|-------|-------------|-------|-------|-------|-------|--------|-----------
POST     long-rag                                                                          17     0(0.00%) |   5462    4699    6490   5400 |    0.30        0.00
POST     short                                                                             80     0(0.00%) |   3342    1711    6072   3300 |    1.70        0.00
--------|----------------------------------------------------------------------------|-------|-------------|-------|-------|-------|-------|--------|-----------
         Aggregated                                                                        97     0(0.00%) |   3714    1711    6490   3600 |    2.00        0.00

[2026-10-06 20:37:50,298] Mac/INFO/locust.main: --run-time limit reached, shutting down
[2026-10-06 20:37:50,342] Mac/INFO/locust.main: Shutting down (exit code 0)
Type     Name                                                                          # reqs      # fails |    Avg     Min     Max    Med |   req/s  failures/s
--------|----------------------------------------------------------------------------|-------|-------------|-------|-------|-------|-------|--------|-----------
POST     long-rag                                                                          19     0(0.00%) |   5488    4699    6490   5400 |    0.36        0.00
POST     short                                                                             81     0(0.00%) |   3343    1711    6072   3300 |    1.53        0.00
--------|----------------------------------------------------------------------------|-------|-------------|-------|-------|-------|-------|--------|-----------
         Aggregated                                                                       100     0(0.00%) |   3751    1711    6490   3600 |    1.89        0.00

Response time percentiles (approximated)
Type     Name                                                                                  50%    66%    75%    80%    90%    95%    98%    99%  99.9% 99.99%   100% # reqs
--------|--------------------------------------------------------------------------------|--------|------|------|------|------|------|------|------|------|------|------|------
POST     long-rag                                                                             5400   5800   5800   5900   6500   6500   6500   6500   6500   6500   6500     19
POST     short                                                                                3300   3700   3800   3900   4100   4300   5100   6100   6100   6100   6100     81
--------|--------------------------------------------------------------------------------|--------|------|------|------|------|------|------|------|------|------|------|------
         Aggregated                                                                           3600   3900   4300   4800   5500   5900   6500   6500   6500   6500   6500    100

